src/app/(dashboard)/[projektId]/teilsysteme/erfassen/page.tsx(379,37): error TS2345: Argument of type '{ teilsystemNummer: string; name: string; }' is not assignable to parameter of type 'SetStateAction<{ teilsystemNummer: string; name: string; id: string; }>'.
  Property 'id' is missing in type '{ teilsystemNummer: string; name: string; }' but required in type '{ teilsystemNummer: string; name: string; id: string; }'.
src/app/api/drive/delete/route.ts(4,29): error TS2307: Cannot find module '@/lib/auth/serverSession' or its corresponding type declarations.
