src/app/(einkauf)/einkauf/page.tsx(143,23): error TS2322: Type '{ children: Element[]; value: string; onValueChange: Dispatch<SetStateAction<string>>; className: string; }' is not assignable to type 'IntrinsicAttributes & { children: ReactNode; className?: string; }'.
  Property 'value' does not exist on type 'IntrinsicAttributes & { children: ReactNode; className?: string; }'.
src/app/(einkauf)/einkauf/page.tsx(172,33): error TS2322: Type '{ children: (string | Element)[]; value: string; className: string; }' is not assignable to type 'IntrinsicAttributes & { children: ReactNode; active: boolean; onClick: () => void; className?: string; }'.
  Property 'value' does not exist on type 'IntrinsicAttributes & { children: ReactNode; active: boolean; onClick: () => void; className?: string; }'.
src/app/(einkauf)/einkauf/page.tsx(179,33): error TS2322: Type '{ children: (string | number | Element)[]; value: string; className: string; }' is not assignable to type 'IntrinsicAttributes & { children: ReactNode; active: boolean; onClick: () => void; className?: string; }'.
  Property 'value' does not exist on type 'IntrinsicAttributes & { children: ReactNode; active: boolean; onClick: () => void; className?: string; }'.
src/app/(einkauf)/einkauf/page.tsx(189,38): error TS2322: Type '{ children: Element; value: string; className: string; }' is not assignable to type 'IntrinsicAttributes & { children: ReactNode; active: boolean; className?: string; }'.
  Property 'value' does not exist on type 'IntrinsicAttributes & { children: ReactNode; active: boolean; className?: string; }'.
src/app/(einkauf)/einkauf/page.tsx(261,38): error TS2322: Type '{ children: Element; value: string; className: string; }' is not assignable to type 'IntrinsicAttributes & { children: ReactNode; active: boolean; className?: string; }'.
  Property 'value' does not exist on type 'IntrinsicAttributes & { children: ReactNode; active: boolean; className?: string; }'.
